Write	.etc.login_defs.FAILLOG_ENAB "yes" true
Write	.etc.login_defs.LASTLOG_ENAB "yes" true
Write	.etc.login_defs.FAIL_DELAY "6" true
Write	.etc.login_defs.PASS_WARN_AGE "14" true
Write	.etc.login_defs.OBSCURE_CHECKS_ENAB "no" true
Write	.etc.login_defs.GID_MIN "101" true
Write	.etc.login_defs.GID_MAX "60000" true
Write	.etc.login_defs.UID_MIN "100" true
Write	.etc.login_defs.UID_MAX "60000" true
Write	.etc.login_defs.PASS_MIN_DAYS "1" true
Write	.etc.login_defs.PASS_MAX_DAYS "99999" true
Write	.etc.login_defs.PASS_MIN_LEN "5" true
Write	.etc.login_defs.PASS_MAX_LEN "8" true
Write	.rc.system.CONSOLE_SHUTDOWN "ignore" true
Write	.rc.system.KDM_SHUTDOWN "root" true
Write	.rc.system.PERMISSION_SECURITY "easy" true
Write	.rc.system.CWD_IN_ROOT_PATH "no" true
Write	.rc.system.RUN_UPDATEDB_AS "nobody" true
Write	.rc.system.ROOT_LOGIN_REMOTE "no" true
Write	.rc.system.PASSWD_USE_CRACKLIB "yes" true
Write	.etc.login_defs nil true
Write	.rc.system nil true
Execute	.target.bash "/sbin/SuSEconfig --nonewpackage" 0
Return	[true, true, true, true, true, true, true, true, true, true, true, true, true, true, true, true, true, true, true, true, true, true, 0]
