Read	.etc.login_defs.FAIL_DELAY nil
Write	.etc.login_defs.FAIL_DELAY "1" true
Read	.etc.login_defs.GID_MAX nil
Write	.etc.login_defs.GID_MAX "60000" true
Read	.etc.login_defs.GID_MIN nil
Write	.etc.login_defs.GID_MIN "1000" true
Read	.etc.login_defs.LASTLOG_ENAB nil
Write	.etc.login_defs.LASTLOG_ENAB "yes" true
Read	.etc.login_defs.PASS_MAX_DAYS nil
Write	.etc.login_defs.PASS_MAX_DAYS "99999" true
Read	.etc.login_defs.PASS_MIN_DAYS nil
Write	.etc.login_defs.PASS_MIN_DAYS "0" true
Read	.etc.login_defs.PASS_WARN_AGE nil
Write	.etc.login_defs.PASS_WARN_AGE "7" true
Read	.etc.login_defs.UID_MAX nil
Write	.etc.login_defs.UID_MAX "60000" true
Read	.etc.login_defs.UID_MIN nil
Write	.etc.login_defs.UID_MIN "1000" true
Read	.etc.login_defs.SYSTEM_UID_MAX nil
Write	.etc.login_defs.SYSTEM_UID_MAX "499" true
Read	.etc.login_defs.SYSTEM_UID_MIN nil
Write	.etc.login_defs.SYSTEM_UID_MIN "100" true
Read	.etc.login_defs.SYSTEM_GID_MAX nil
Write	.etc.login_defs.SYSTEM_GID_MAX "499" true
Read	.etc.login_defs.SYSTEM_GID_MIN nil
Write	.etc.login_defs.SYSTEM_GID_MIN "100" true
Read	.etc.login_defs.USERADD_CMD nil
Write	.etc.login_defs.USERADD_CMD "/usr/sbin/useradd.local" true
Read	.etc.login_defs.USERDEL_PRECMD nil
Write	.etc.login_defs.USERDEL_PRECMD "/usr/sbin/userdel-pre.local" true
Read	.etc.login_defs.USERDEL_POSTCMD nil
Write	.etc.login_defs.USERDEL_POSTCMD "/usr/sbin/userdel-post.local" true
Read	.sysconfig.clock.SYSTOHC nil
Write	.sysconfig.clock.SYSTOHC "yes" true
Read	.sysconfig.cron.SYSLOG_ON_NO_ERROR nil
Write	.sysconfig.cron.SYSLOG_ON_NO_ERROR "yes" true
Read	.sysconfig.displaymanager.DISPLAYMANAGER_REMOTE_ACCESS nil
Write	.sysconfig.displaymanager.DISPLAYMANAGER_REMOTE_ACCESS "no" true
Read	.sysconfig.displaymanager.DISPLAYMANAGER_ROOT_LOGIN_REMOTE nil
Write	.sysconfig.displaymanager.DISPLAYMANAGER_ROOT_LOGIN_REMOTE "no" true
Read	.sysconfig.displaymanager.DISPLAYMANAGER_XSERVER_TCP_PORT_6000_OPEN nil
Write	.sysconfig.displaymanager.DISPLAYMANAGER_XSERVER_TCP_PORT_6000_OPEN "no" true
Read	.sysconfig.displaymanager.DISPLAYMANAGER_SHUTDOWN nil
Write	.sysconfig.displaymanager.DISPLAYMANAGER_SHUTDOWN "all" true
Read	.sysconfig.locate.RUN_UPDATEDB_AS nil
Write	.sysconfig.locate.RUN_UPDATEDB_AS "nobody" true
Read	.sysconfig.mail.SMTPD_LISTEN_REMOTE nil
Write	.sysconfig.mail.SMTPD_LISTEN_REMOTE "no" true
Read	.sysconfig.security.PERMISSION_SECURITY nil
Write	.sysconfig.security.PERMISSION_SECURITY "easy local" true
Read	.sysconfig.security.DISABLE_RESTART_ON_UPDATE nil
Write	.sysconfig.security.DISABLE_RESTART_ON_UPDATE "no" true
Read	.sysconfig.security.DISABLE_STOP_ON_REMOVAL nil
Write	.sysconfig.security.DISABLE_STOP_ON_REMOVAL "no" true
Read	.sysconfig.suseconfig.CWD_IN_ROOT_PATH nil
Write	.sysconfig.suseconfig.CWD_IN_ROOT_PATH "no" true
Read	.sysconfig.suseconfig.CWD_IN_USER_PATH nil
Write	.sysconfig.suseconfig.CWD_IN_USER_PATH "no" true
Read	.sysconfig.sysctl.ENABLE_SYSRQ nil
Write	.sysconfig.sysctl.ENABLE_SYSRQ "yes" true
Read	.sysconfig.sysctl.IP_TCP_SYNCOOKIES nil
Write	.sysconfig.sysctl.IP_TCP_SYNCOOKIES "yes" true
Read	.sysconfig.sysctl.IP_FORWARD nil
Write	.sysconfig.sysctl.IP_FORWARD "no" true
Read	.sysconfig.sysctl.IPV6_FORWARD nil
Write	.sysconfig.sysctl.IPV6_FORWARD "no" true
Write	.etc.login_defs nil true
Write	.sysconfig.clock nil true
Write	.sysconfig.cron nil true
Write	.sysconfig.displaymanager nil true
Write	.sysconfig.locate nil true
Write	.sysconfig.mail nil true
Write	.sysconfig.security nil true
Write	.sysconfig.suseconfig nil true
Write	.sysconfig.sysctl nil true
Write	.etc.inittab.ca ":ctrlaltdel:/sbin/shutdown -r -t 4 now" true
Write	.etc.inittab nil true
Execute	.target.bash "/sbin/telinit q" 0
Read	.etc.default.passwd."CRYPT_FILES" nil
Write	.etc.default.passwd."CRYPT_FILES" "blowfish" true
Execute	.target.bash_output "pam-config -a --pwcheck-cracklib" $[]
Execute	.target.bash_output "pam-config -d --pwcheck-no_obscure_checks" $[]
Execute	.target.bash_output "pam-config -d --pwcheck-minlen=" $[]
Execute	.target.bash_output "pam-config -d --pwcheck-remember=" $[]
Write	.etc.default.passwd nil true
Execute	.target.bash "echo 1 > /proc/sys/kernel/sysrq" 0
Read	.sysconfig.displaymanager.DISPLAYMANAGER ""
Execute	.target.bash "/sbin/SuSEconfig --module kde3" 0
Execute	.target.bash "/sbin/SuSEconfig --module kdm3" 0
Execute	.target.bash "/sbin/SuSEconfig --module permissions" 0
Execute	.target.bash "/sbin/SuSEconfig --module profiles" 0
Return	true
