Read	.etc.login_defs.FAILLOG_ENAB "l1"
Read	.etc.login_defs.FAIL_DELAY "l2"
Read	.etc.login_defs.GID_MAX "l3"
Read	.etc.login_defs.GID_MIN "l4"
Read	.etc.login_defs.LASTLOG_ENAB "l5"
Read	.etc.login_defs.PASS_MAX_DAYS "l7"
Read	.etc.login_defs.PASS_MIN_DAYS "l9"
Read	.etc.login_defs.PASS_WARN_AGE "l11"
Read	.etc.login_defs.UID_MAX "l12"
Read	.etc.login_defs.UID_MIN "l13"
Read	.etc.login_defs.SYSTEM_UID_MAX "l14"
Read	.etc.login_defs.SYSTEM_UID_MIN "l15"
Read	.etc.login_defs.SYSTEM_GID_MAX "l16"
Read	.etc.login_defs.SYSTEM_GID_MIN "l17"
Read	.etc.login_defs.USERADD_CMD "l18"
Read	.etc.login_defs.USERDEL_PRECMD "l19"
Read	.etc.login_defs.USERDEL_POSTCMD "l20"
Read	.target.size "/etc/sysconfig/displaymanager" 1
Read	.sysconfig.displaymanager.DISPLAYMANAGER_REMOTE_ACCESS "r9"
Read	.target.size "/etc/sysconfig/displaymanager" 1
Read	.sysconfig.displaymanager.KDM_SHUTDOWN "r3"
Read	.target.size "/etc/sysconfig/locate" 1
Read	.sysconfig.locate.RUN_UPDATEDB_AS "r7"
Read	.target.size "/etc/sysconfig/security" 1
Read	.sysconfig.security.PERMISSION_SECURITY "paranoid"
Read	.target.size "/etc/sysconfig/suseconfig" 1
Read	.sysconfig.suseconfig.CWD_IN_ROOT_PATH "r2"
Read	.target.size "/etc/sysconfig/suseconfig" 1
Read	.sysconfig.suseconfig.CWD_IN_USER_PATH "r3"
Read	.target.size "/etc/sysconfig/sysctl" 1
Read	.sysconfig.sysctl.ENABLE_SYSRQ "r8"
Dir	.etc.inittab: ["ca"]
Read	.etc.inittab.ca ":ctrlaltdel:/sbin/shutdown -r -t 4 now"
Dir	.etc.security.section: []
Read	.etc.security.v."pam_unix2"."password" nil
Dir	.etc.security.section: []
Read	.etc.security.v."pam_pwcheck"."password" nil
Return	true
